// Jest Snapshot v1, https://goo.gl/fbAQLP

exports[`<Main /> should render the heading 1`] = `
.c0 {
  color: #f5f5f5;
  background-color: #222324;
  width: 100wh;
  height: 100vh;
  text-align: center;
  display: flex;
  flex-direction: column;
  align-items: center;
  justify-content: center;
}

<main
  class="c0"
>
  <h1>
    Main
  </h1>
</main>
`;
